
Discarded input sections

 .group         0x00000000        0xc build/non_secure/main_ns.o
 .group         0x00000000        0xc build/non_secure/main_ns.o
 .group         0x00000000        0xc build/non_secure/main_ns.o
 .group         0x00000000        0xc build/non_secure/main_ns.o
 .group         0x00000000        0xc build/non_secure/main_ns.o
 .group         0x00000000        0xc build/non_secure/main_ns.o
 .group         0x00000000        0xc build/non_secure/main_ns.o
 .text          0x00000000        0x0 build/non_secure/main_ns.o
 .data          0x00000000        0x0 build/non_secure/main_ns.o
 .bss           0x00000000        0x0 build/non_secure/main_ns.o
 .text.delay    0x00000000       0x20 build/non_secure/main_ns.o
 .text.main     0x00000000       0x14 build/non_secure/main_ns.o
 .debug_info    0x00000000       0xce build/non_secure/main_ns.o
 .debug_abbrev  0x00000000       0x9a build/non_secure/main_ns.o
 .debug_aranges
                0x00000000       0x28 build/non_secure/main_ns.o
 .debug_rnglists
                0x00000000       0x19 build/non_secure/main_ns.o
 .debug_macro   0x00000000       0x6d build/non_secure/main_ns.o
 .debug_macro   0x00000000      0xac0 build/non_secure/main_ns.o
 .debug_macro   0x00000000       0x22 build/non_secure/main_ns.o
 .debug_macro   0x00000000       0x8e build/non_secure/main_ns.o
 .debug_macro   0x00000000       0x51 build/non_secure/main_ns.o
 .debug_macro   0x00000000      0x103 build/non_secure/main_ns.o
 .debug_macro   0x00000000       0x6a build/non_secure/main_ns.o
 .debug_macro   0x00000000      0x1df build/non_secure/main_ns.o
 .debug_line    0x00000000      0x2ec build/non_secure/main_ns.o
 .debug_str     0x00000000     0x3d49 build/non_secure/main_ns.o
 .comment       0x00000000       0x47 build/non_secure/main_ns.o
 .debug_frame   0x00000000       0x54 build/non_secure/main_ns.o
 .ARM.attributes
                0x00000000       0x34 build/non_secure/main_ns.o
 .data          0x00000000        0x0 build/non_secure/startup_efr32fg23_ns.o
 .bss           0x00000000        0x0 build/non_secure/startup_efr32fg23_ns.o
 .ARM.extab     0x00000000        0x0 build/non_secure/startup_efr32fg23_ns.o

Memory Configuration

Name             Origin             Length             Attributes
FLASH_NS         0x08020000         0x00060000         xr
RAM_NS           0x20008000         0x00008000         xrw
*default*        0x00000000         0xffffffff

Linker script and memory map

LOAD build/non_secure/main_ns.o
LOAD build/non_secure/startup_efr32fg23_ns.o
LOAD build/secure_cmse_lib.o

.text           0x08020000      0x818
 *(.vectors)
 .vectors       0x08020000      0x7c0 build/non_secure/startup_efr32fg23_ns.o
                0x08020000                __Vectors
                0x080207c0                __Vectors_End
 *(.text*)
 .text          0x080207c0       0x58 build/non_secure/startup_efr32fg23_ns.o
                0x080207c0                Reset_Handler
                0x08020802                HardFault_Handler
                0x08020804                ULFRCO_IRQHandler
                0x08020804                SW2_IRQHandler
                0x08020804                TIMER2_IRQHandler
                0x08020804                DebugMon_Handler
                0x08020804                USART0_TX_IRQHandler
                0x08020804                IADC_IRQHandler
                0x08020804                EUSART0_TX_IRQHandler
                0x08020804                I2C0_IRQHandler
                0x08020804                LFXO_IRQHandler
                0x08020804                VDAC_IRQHandler
                0x08020804                SMU_SECURE_IRQHandler
                0x08020804                SysTick_Handler
                0x08020804                SYSRTC_SEQ_IRQHandler
                0x08020804                EMUEFP_IRQHandler
                0x08020804                EUSART2_TX_IRQHandler
                0x08020804                PendSV_Handler
                0x08020804                NMI_Handler
                0x08020804                SYNTH_IRQHandler
                0x08020804                HOSTMAILBOX_IRQHandler
                0x08020804                HFXO0_IRQHandler
                0x08020804                I2C1_IRQHandler
                0x08020804                WDOG0_IRQHandler
                0x08020804                TIMER3_IRQHandler
                0x08020804                SYSCFG_IRQHandler
                0x08020804                RFECA1_IRQHandler
                0x08020804                EMUDG_IRQHandler
                0x08020804                MSC_IRQHandler
                0x08020804                DPLL0_IRQHandler
                0x08020804                UsageFault_Handler
                0x08020804                WDOG1_IRQHandler
                0x08020804                M33CTI1_IRQHandler
                0x08020804                TIMER4_IRQHandler
                0x08020804                GPIO_EVEN_IRQHandler
                0x08020804                LDMA_IRQHandler
                0x08020804                SEMBTX_IRQHandler
                0x08020804                SW0_IRQHandler
                0x08020804                TIMER0_IRQHandler
                0x08020804                LCD_IRQHandler
                0x08020804                LETIMER0_IRQHandler
                0x08020804                EUSART1_RX_IRQHandler
                0x08020804                TIMER1_IRQHandler
                0x08020804                HFRCO0_IRQHandler
                0x08020804                SecureFault_Handler
                0x08020804                BUFC_IRQHandler
                0x08020804                DCDC_IRQHandler
                0x08020804                MODEM_IRQHandler
                0x08020804                Default_Handler
                0x08020804                RAC_SEQ_IRQHandler
                0x08020804                FRC_PRI_IRQHandler
                0x08020804                SW3_IRQHandler
                0x08020804                EMU_IRQHandler
                0x08020804                KERNEL0_IRQHandler
                0x08020804                FRC_IRQHandler
                0x08020804                PCNT0_IRQHandler
                0x08020804                KERNEL1_IRQHandler
                0x08020804                AGC_IRQHandler
                0x08020804                EUSART1_TX_IRQHandler
                0x08020804                KEYSCAN_IRQHandler
                0x08020804                HFRCOEM23_IRQHandler
                0x08020804                sl_app_properties
                0x08020804                BURTC_IRQHandler
                0x08020804                SEMBRX_IRQHandler
                0x08020804                RFECA0_IRQHandler
                0x08020804                LFRCO_IRQHandler
                0x08020804                ACMP0_IRQHandler
                0x08020804                USART0_RX_IRQHandler
                0x08020804                MemManage_Handler
                0x08020804                SVC_Handler
                0x08020804                EUSART2_RX_IRQHandler
                0x08020804                SMU_S_PRIVILEGED_IRQHandler
                0x08020804                SW1_IRQHandler
                0x08020804                CMU_IRQHandler
                0x08020804                EUSART0_RX_IRQHandler
                0x08020804                RAC_RSM_IRQHandler
                0x08020804                SETAMPERHOST_IRQHandler
                0x08020804                LESENSE_IRQHandler
                0x08020804                GPIO_ODD_IRQHandler
                0x08020804                AES_IRQHandler
                0x08020804                M33CTI0_IRQHandler
                0x08020804                ICACHE0_IRQHandler
                0x08020804                SMU_NS_PRIVILEGED_IRQHandler
                0x08020804                FPUEXH_IRQHandler
                0x08020804                PROTIMER_IRQHandler
                0x08020804                ACMP1_IRQHandler
                0x08020804                BusFault_Handler
                0x08020804                MPAHBRAM_IRQHandler
                0x08020804                SYSRTC_APP_IRQHandler
 *(.init)
 *(.fini)
 *crtbegin.o(.ctors)
 *crtbegin?.o(.ctors)
 *(EXCLUDE_FILE(*crtend.o *crtend?.o) .ctors)
 *(SORT_BY_NAME(.ctors.*))
 *(.ctors)
 *crtbegin.o(.dtors)
 *crtbegin?.o(.dtors)
 *(EXCLUDE_FILE(*crtend.o *crtend?.o) .dtors)
 *(SORT_BY_NAME(.dtors.*))
 *(.dtors)
 *(.rodata*)
 *(.eh_frame*)

.glue_7         0x08020818        0x0
 .glue_7        0x08020818        0x0 linker stubs

.glue_7t        0x08020818        0x0
 .glue_7t       0x08020818        0x0 linker stubs

.vfp11_veneer   0x08020818        0x0
 .vfp11_veneer  0x08020818        0x0 linker stubs

.v4_bx          0x08020818        0x0
 .v4_bx         0x08020818        0x0 linker stubs

.iplt           0x08020818        0x0
 .iplt          0x08020818        0x0 build/non_secure/startup_efr32fg23_ns.o

.ARM.extab
 *(.ARM.extab* .gnu.linkonce.armextab.*)
                0x08020818                        __exidx_start = .

.ARM.exidx      0x08020818       0x10
 *(.ARM.exidx* .gnu.linkonce.armexidx.*)
 .ARM.exidx     0x08020818       0x10 build/non_secure/startup_efr32fg23_ns.o
                                 0x18 (size before relaxing)
                0x08020828                        __exidx_end = .

.rel.dyn        0x08020828        0x0
 .rel.iplt      0x08020828        0x0 build/non_secure/startup_efr32fg23_ns.o

.copy.table     0x08020828        0xc
                0x08020828                        . = ALIGN (0x4)
                0x08020828                        __copy_table_start__ = .
                0x08020828        0x4 LONG 0x8020834 __etext
                0x0802082c        0x4 LONG 0x20008000 __data_start__
                0x08020830        0x4 LONG 0x0 ((__data_end__ - __data_start__) / 0x4)
                0x08020834                        __copy_table_end__ = .

.zero.table     0x08020834        0x0
                0x08020834                        . = ALIGN (0x4)
                0x08020834                        __zero_table_start__ = .
                0x08020834                        __zero_table_end__ = .
                0x08020834                        __etext = ALIGN (0x4)

.data           0x20008000        0x0 load address 0x08020834
                0x20008000                        __data_start__ = .
 *(vtable)
 *(.data*)
                0x20008000                        . = ALIGN (0x4)
                [!provide]                        PROVIDE (__ram_func_section_start = .)
 *(.ram)
                [!provide]                        PROVIDE (__ram_func_section_end = .)
                0x20008000                        . = ALIGN (0x4)
                [!provide]                        PROVIDE (__preinit_array_start = .)
 *(.preinit_array)
                [!provide]                        PROVIDE (__preinit_array_end = .)
                0x20008000                        . = ALIGN (0x4)
                [!provide]                        PROVIDE (__init_array_start = .)
 *(SORT_BY_NAME(.init_array.*))
 *(.init_array)
                [!provide]                        PROVIDE (__init_array_end = .)
                0x20008000                        . = ALIGN (0x4)
                [!provide]                        PROVIDE (__fini_array_start = .)
 *(SORT_BY_NAME(.fini_array.*))
 *(.fini_array)
                [!provide]                        PROVIDE (__fini_array_end = .)
 *(.jcr*)
                0x20008000                        . = ALIGN (0x4)
                0x20008000                        __data_end__ = .

.igot.plt       0x20008000        0x0
 .igot.plt      0x20008000        0x0 build/non_secure/startup_efr32fg23_ns.o

.bss            0x20008000        0x0
                0x20008000                        . = ALIGN (0x4)
                0x20008000                        __bss_start__ = .
 *(.bss)
 *(.bss.*)
 *(COMMON)
                0x20008000                        . = ALIGN (0x4)
                0x20008000                        __bss_end__ = .

.heap           0x20008000      0xc00
                0x20008000                        __HeapBase = .
                0x20008000                        __end__ = .
                0x20008000                        end = __end__
                0x20008000                        _end = __end__
 *(.heap*)
 .heap          0x20008000      0xc00 build/non_secure/startup_efr32fg23_ns.o
                0x20008c00                        __HeapLimit = .

.stack_dummy    0x20008000      0x400
 *(.stack*)
 .stack         0x20008000      0x400 build/non_secure/startup_efr32fg23_ns.o
                0x20010000                        __StackTop = (ORIGIN (RAM_NS) + LENGTH (RAM_NS))
                0x2000fc00                        __StackLimit = (__StackTop - SIZEOF (.stack_dummy))
                [!provide]                        PROVIDE (__stack = __StackTop)
                0x00000001                        ASSERT ((__StackLimit >= __HeapLimit), region RAM overflowed with stack)
                0x00000001                        ASSERT ((LENGTH (FLASH_NS) >= (__etext + SIZEOF (.data))), FLASH_NS memory overflowed !)
OUTPUT(build/non_secure.elf elf32-littlearm)
LOAD linker stubs

.ARM.attributes
                0x00000000       0x32
 .ARM.attributes
                0x00000000       0x20 build/non_secure/startup_efr32fg23_ns.o

.debug_line     0x00000000       0x77
 .debug_line    0x00000000       0x77 build/non_secure/startup_efr32fg23_ns.o

.debug_line_str
                0x00000000       0x3a
 .debug_line_str
                0x00000000       0x3a build/non_secure/startup_efr32fg23_ns.o

.debug_info     0x00000000      0x4ab
 .debug_info    0x00000000      0x4ab build/non_secure/startup_efr32fg23_ns.o

.debug_abbrev   0x00000000       0x28
 .debug_abbrev  0x00000000       0x28 build/non_secure/startup_efr32fg23_ns.o

.debug_aranges  0x00000000       0x20
 .debug_aranges
                0x00000000       0x20 build/non_secure/startup_efr32fg23_ns.o

.debug_str      0x00000000      0x64c
 .debug_str     0x00000000      0x64c build/non_secure/startup_efr32fg23_ns.o
                                0x699 (size before relaxing)
